C:\Users\rober\workspace\netshoes\gerenciadorEnderecos\src\main\java\br\com\rmenezes\gerenciadorEnderecos\config\AppWebConfiguration.java
C:\Users\rober\workspace\netshoes\gerenciadorEnderecos\src\main\java\br\com\rmenezes\gerenciadorEnderecos\config\ServletMVC.java
C:\Users\rober\workspace\netshoes\gerenciadorEnderecos\src\main\java\br\com\rmenezes\gerenciadorEnderecos\repository\EnderecoRepository.java
C:\Users\rober\workspace\netshoes\gerenciadorEnderecos\src\main\java\br\com\rmenezes\gerenciadorEnderecos\service\impl\EnderecoServiceImpl.java
C:\Users\rober\workspace\netshoes\gerenciadorEnderecos\src\main\java\br\com\rmenezes\gerenciadorEnderecos\controllers\ServicesController.java
C:\Users\rober\workspace\netshoes\gerenciadorEnderecos\src\main\java\br\com\rmenezes\gerenciadorEnderecos\service\EnderecoService.java
C:\Users\rober\workspace\netshoes\gerenciadorEnderecos\src\main\java\br\com\rmenezes\gerenciadorEnderecos\model\Endereco.java
C:\Users\rober\workspace\netshoes\gerenciadorEnderecos\src\main\java\br\com\rmenezes\gerenciadorEnderecos\controllers\HomeController.java
